---
source: crates/zoom-webhook-validator/src/lib.rs
expression: value
---
ae859bbc963b7d8fbc9cffbc482b0ea7a4486f1fc23e29217744236dd6e4d6d8
